rectimes   times.ttf Encoding=T1-WGL4.enc
rectimesi   timesi.ttf Encoding=T1-WGL4.enc
rectimesbd   timesbd.ttf Encoding=T1-WGL4.enc
rectimesbi   timesbi.ttf Encoding=T1-WGL4.enc
rectimeso   times.ttf Slant=.167 Encoding=T1-WGL4.enc
rectimesbdo   timesbd.ttf Slant=.167 Encoding=T1-WGL4.enc
recarial   arial.ttf Encoding=T1-WGL4.enc
recariali   ariali.ttf Encoding=T1-WGL4.enc
recarialbd   arialbd.ttf Encoding=T1-WGL4.enc
recarialbi   arialbi.ttf Encoding=T1-WGL4.enc
recarialo   arial.ttf Slant=.167 Encoding=T1-WGL4.enc
recarialbdo   arialbd.ttf Slant=.167 Encoding=T1-WGL4.enc
reccour   cour.ttf Encoding=T1-WGL4.enc
reccouri   couri.ttf Encoding=T1-WGL4.enc
reccourbd   courbd.ttf Encoding=T1-WGL4.enc
reccourbi   courbi.ttf Encoding=T1-WGL4.enc
reccouro   cour.ttf Slant=.167 Encoding=T1-WGL4.enc
reccourbdo   courbd.ttf Slant=.167 Encoding=T1-WGL4.enc
rechandgotn   handgotn.ttf Encoding=T1-WGL4.enc
rechandgotno   handgotn.ttf Slant=.167 Encoding=T1-WGL4.enc
recBau_hb   Bau_hb.ttf Encoding=T1-WGL4.enc
recBau_hbo   Bau_hb.ttf Slant=.167 Encoding=T1-WGL4.enc